15/05/2025:
PS C:\Users\sachi\Desktop> npx create-next-app@latest minerwolf
√ Would you like to use TypeScript? ... No / Yes
√ Would you like to use ESLint? ... No / Yes
√ Would you like to use Tailwind CSS? ... No / Yes
√ Would you like your code inside a `src/` directory? ... No / Yes
√ Would you like to use App Router? (recommended) ... No / Yes
√ Would you like to use Turbopack for `next dev`? ... No / Yes
√ Would you like to customize the import alias (`@/*` by default)? ... No / Yes
√ What import alias would you like configured? ... @/*
Creating a new Next.js app in C:\Users\sachi\Desktop\minerwolf.

Using npm.

Initializing project with template: app-tw


Installing dependencies:
- react
- react-dom
- next

Installing devDependencies:
- typescript
- @types/node
- @types/react
- @types/react-dom
- @tailwindcss/postcss
- tailwindcss
- eslint
- eslint-config-next
- @eslint/eslintrc


added 389 packages, and audited 390 packages in 60s

138 packages are looking for funding
  run `npm fund` for details

found 0 vulnerabilities
Initialized a git repository.

Success! Created minerwolf at C:\Users\sachi\Desktop\minerwolf

PS C:\Users\sachi\Desktop>
---------------------

PS C:\Users\sachi\Desktop\minerwolf> npm install helmet

added 1 package, and audited 391 packages in 2s

138 packages are looking for funding
  run `npm fund` for details

found 0 vulnerabilities
PS C:\Users\sachi\Desktop\minerwolf> npm install @types/helmet

added 11 packages, and audited 402 packages in 5s

138 packages are looking for funding
  run `npm fund` for details

found 0 vulnerabilities
PS C:\Users\sachi\Desktop\minerwolf> npm install csrf

added 5 packages, and audited 407 packages in 4s

138 packages are looking for funding
  run `npm fund` for details

found 0 vulnerabilities
PS C:\Users\sachi\Desktop\minerwolf> npm install @types/csrf

added 1 package, and audited 408 packages in 4s

138 packages are looking for funding
  run `npm fund` for details

found 0 vulnerabilities
PS C:\Users\sachi\Desktop\minerwolf> npm install rate-limiter-flexible

added 1 package, and audited 409 packages in 3s

138 packages are looking for funding
  run `npm fund` for details

found 0 vulnerabilities
PS C:\Users\sachi\Desktop\minerwolf>

---------------------------------


------------------

Here's a detailed security implementation guide for your landing page:

1. Content Security Policy (CSP) in `next.config.ts`:
```typescript
const nextConfig: NextConfig = {
  async headers() {
    return [
      {
        source: '/:path*',
        headers: [
          {
            key: 'Content-Security-Policy',
            value: [
              // Allow necessary resources
              "default-src 'self'",
              "style-src 'self' 'unsafe-inline'", // For your inline styles
              "script-src 'self' 'unsafe-inline' 'unsafe-eval'", // For Elementor
              "img-src 'self' data: https:", // For images
              "font-src 'self' data: https:", // For fonts
              "connect-src 'self'", // For API calls
              "frame-src 'self'", // For iframes if any
              "media-src 'self'", // For media files
            ].join('; ')
          },
          // Additional security headers
          {
            key: 'X-Frame-Options',
            value: 'DENY'
          },
          {
            key: 'X-Content-Type-Options',
            value: 'nosniff'
          },
          {
            key: 'Referrer-Policy',
            value: 'strict-origin-when-cross-origin'
          },
          {
            key: 'Permissions-Policy',
            value: 'camera=(), microphone=(), geolocation=()'
          }
        ]
      }
    ];
  }
};
```

2. Form Security Implementation:
```typescript
// pages/api/submit-form.ts
import rateLimit from 'express-rate-limit';
import { csrf } from 'csrf-csrf';

const limiter = rateLimit({
  windowMs: 15 * 60 * 1000, // 15 minutes
  max: 5 // limit each IP to 5 requests per windowMs
});

export default async function handler(req, res) {
  // Apply rate limiting
  await limiter(req, res);

  // Validate CSRF token
  if (!csrf.verify(req.body._csrf)) {
    return res.status(403).json({ error: 'Invalid CSRF token' });
  }

  // Validate email
  const emailRegex = /^[^\s@]+@[^\s@]+\.[^\s@]+$/;
  if (!emailRegex.test(req.body.email)) {
    return res.status(400).json({ error: 'Invalid email format' });
  }

  // Process form...
}
```

3. Client-side Security:
```typescript
// utils/security.ts
export const sanitizeInput = (input: string) => {
  return input.replace(/<[^>]*>/g, '');
};

export const validateEmail = (email: string) => {
  const regex = /^[^\s@]+@[^\s@]+\.[^\s@]+$/;
  return regex.test(email);
};
```

4. Environment Variables:
```env
# .env.local
NEXT_PUBLIC_API_URL=your-api-url
CSRF_SECRET=your-secret
RATE_LIMIT_MAX=5
```

5. Authentication Setup:
```typescript
// lib/auth.ts
import { getSession } from 'next-auth/react';

export const protectApi = async (req, res, next) => {
  const session = await getSession({ req });
  if (!session) {
    return res.status(401).json({ error: 'Unauthorized' });
  }
  next();
};
```

6. Security Middleware:
```typescript
// middleware.ts
import { NextResponse } from 'next/server';
import type { NextRequest } from 'next/server';

export function middleware(request: NextRequest) {
  // Add security headers
  const response = NextResponse.next();
  
  response.headers.set('X-XSS-Protection', '1; mode=block');
  response.headers.set('X-Frame-Options', 'DENY');
  
  return response;
}
```

7. Install Security Packages:
```bash
npm install helmet
npm install csrf-csrf
npm install express-rate-limit
npm install xss
npm install next-auth
```

8. Monitoring Setup:
```typescript
// lib/monitoring.ts
import * as Sentry from "@sentry/nextjs";

Sentry.init({
  dsn: process.env.SENTRY_DSN,
  tracesSampleRate: 1.0,
});
```

Implementation Checklist:
- [ ] Set up CSP headers
- [ ] Implement rate limiting
- [ ] Add CSRF protection
- [ ] Set up input validation
- [ ] Configure authentication
- [ ] Add monitoring
- [ ] Test security measures
- [ ] Set up error logging

Would you like me to explain any of these sections in more detail?